hp-check[105488]: info: :
hp-check[105488]: info: :HP Linux Imaging and Printing System (ver. 3.25.6)
hp-check[105488]: info: :Dependency/Version Check Utility ver. 15.1
hp-check[105488]: info: :
hp-check[105488]: info: :Copyright (c) 2001-18 HP Development Company, LP
hp-check[105488]: info: :This software comes with ABSOLUTELY NO WARRANTY.
hp-check[105488]: info: :This is free software, and you are welcome to distribute it
hp-check[105488]: info: :under certain conditions. See COPYING file for more details.
hp-check[105488]: info: :
hp-check[105488]: info: :Note: hp-check can be run in three modes:
hp-check[105488]: info: :1. Compile-time check mode (-c or --compile): Use this mode before compiling the HPLIP supplied tarball (.tar.gz or .run) to determine if the proper dependencies are installed to successfully compile HPLIP.     
hp-check[105488]: info: :2. Run-time check mode (-r or --run): Use this mode to determine if a distro supplied package (.deb, .rpm, etc) or an already built HPLIP supplied tarball has the proper dependencies installed to successfully   
hp-check[105488]: info: :run.                                                                                                                                                                                                               
hp-check[105488]: info: :3. Both compile- and run-time check mode (-b or --both) (Default): This mode will check both of the above cases (both compile- and run-time dependencies).                                                         
hp-check[105488]: info: :
hp-check[105488]: info: :Check types:                                                                                                                                                                                                       
hp-check[105488]: info: :a. EXTERNALDEP - External Dependencies                                                                                                                                                                             
hp-check[105488]: info: :b. GENERALDEP - General Dependencies (required both at compile and run time)                                                                                                                                       
hp-check[105488]: info: :c. COMPILEDEP - Compile time Dependencies                                                                                                                                                                          
hp-check[105488]: info: :d. [All are run-time checks]                                                                                                                                                                                       
hp-check[105488]: info: :PYEXT SCANCONF QUEUES PERMISSION                                                                                                                                                                                   
hp-check[105488]: info: :
hp-check[105488]: info: :Status Types:
hp-check[105488]: info: :    OK
hp-check[105488]: info: :    MISSING       - Missing Dependency or Permission or Plug-in
hp-check[105488]: info: :    INCOMPAT      - Incompatible dependency-version or Plugin-version
hp-check[105488]: info: :
warning: 5-42 version is not supported. Using 5-40 versions dependencies to verify and install...
hp-check[105488]: info: :
hp-check[105488]: info: :---------------
hp-check[105488]: info: :| SYSTEM INFO |
hp-check[105488]: info: :---------------
hp-check[105488]: info: :
hp-check[105488]: info: : Kernel: 6.17.5-200.fc42.x86_64 #1 SMP PREEMPT_DYNAMIC Fri Oct 24 14:10:01 UTC 2025 GNU/Linux
 Host: fedora
 Proc: 6.17.5-200.fc42.x86_64 #1 SMP PREEMPT_DYNAMIC Fri Oct 24 14:10:01 UTC 2025 GNU/Linux
 Distribution: 5 42
hp-check[105488]: info: : Bitness: 64 bit

hp-check[105488]: info: :
hp-check[105488]: info: :-----------------------
hp-check[105488]: info: :| HPLIP CONFIGURATION |
hp-check[105488]: info: :-----------------------
hp-check[105488]: info: :
hp-check[105488]: info: :HPLIP-Version: HPLIP 3.25.6
hp-check[105488]: info: :HPLIP-Home: /usr/share/hplip
warning: HPLIP-Installation: Auto installation is not supported for 5 distro  42 version 
hp-check[105488]: info: :
hp-check[105488]: info: :Current contents of '/etc/hp/hplip.conf' file:
hp-check[105488]: info: :# hplip.conf.  Generated from hplip.conf.in by configure.

[hplip]
version=3.25.6

[dirs]
home=/usr/share/hplip
run=/var/run
ppd=/usr/share/ppd/HP
ppdbase=/usr/share/ppd
doc=/usr/share/doc/hplip-3.25.6
html=/usr/share/doc/hplip-3.25.6
icon=/usr/share/applications
cupsbackend=/usr/lib/cups/backend
cupsfilter=/usr/lib/cups/filter
drv=/usr/share/cups/drv/hp
bin=/usr/bin
apparmor=/etc/apparmor.d
# Following values are determined at configure time and cannot be changed.
[configure]
network-build=yes
libusb01-build=no
pp-build=yes
gui-build=yes
scanner-build=yes
fax-build=yes
dbus-build=yes
cups11-build=no
doc-build=yes
shadow-build=no
hpijs-install=yes
foomatic-drv-install=yes
foomatic-ppd-install=no
foomatic-rip-hplip-install=no
hpcups-install=yes
cups-drv-install=yes
cups-ppd-install=no
internal-tag=3.25.6
restricted-build=no
ui-toolkit=qt5
qt3=no
qt4=no
qt5=yes
policy-kit=no
lite-build=no
udev_sysfs_rules=no
hpcups-only-build=no
hpijs-only-build=no
apparmor_build=no
class-driver=no

hp-check[105488]: info: :
hp-check[105488]: info: :Current contents of '/var/lib/hp/hplip.state' file:
hp-check[105488]: info: :Plugins are not installed. Could not access file: No such file or directory
hp-check[105488]: info: :
hp-check[105488]: info: :Current contents of '~/.hplip/hplip.conf' file:
hp-check[105488]: info: :[commands]
scan = 

[fax]
email_address = 
voice_phone = 

[last_used]
device_uri = "hp:/usb/DeskJet_3630_series?serial=CN97B8H19B06C0"
printer_name = 
working_dir = .

[polling]
device_list = 
enable = false
interval = 5

[refresh]
enable = false
rate = 30
type = 1

[settings]
systray_messages = 0
systray_visible = 0

[upgrade]
last_upgraded_time = 1765086754
notify_upgrade = false
pending_upgrade_time = 0

[installation]
date_time = 12/07/25 11:53:09
version = 3.25.6


hp-check[105488]: info: : <Package-name>        <Package-Desc>      <Required/Optional> <Min-Version> <Installed-Version> <Status>   <Comment>
hp-check[105488]: info: :
hp-check[105488]: info: :-------------------------
hp-check[105488]: info: :| External Dependencies |
hp-check[105488]: info: :-------------------------
hp-check[105488]: info: :
hp-check[105488]: info: : cups                 CUPS - Common Unix Printing System                           REQUIRED        -               -               OK         'CUPS Scheduler is running'
hp-check[105488]: info: : gs                   GhostScript - PostScript and PDF language interpreter and previewer REQUIRED        7.05            10.05.1         OK         -
hp-check[105488]: info: : xsane                xsane - Graphical scanner frontend for SANE                  OPTIONAL        0.9             0.999           OK         -
hp-check[105488]: info: : scanimage            scanimage - Shell scanning program                           OPTIONAL        1.0             1.4.0           OK         -
hp-check[105488]: info: : dbus                 DBus - Message bus system                                    REQUIRED        -               1.16.0          OK         -
hp-check[105488]: info: : policykit            PolicyKit - Administrative policy framework                  OPTIONAL        -               126             OK         -
hp-check[105488]: info: : network              network -wget                                                OPTIONAL        -               2.2.0           OK         -
hp-check[105488]: info: : avahi-utils          avahi-utils                                                  OPTIONAL        -               0.8             OK         -
hp-check[105488]: info: :
hp-check[105488]: info: :------------------------
hp-check[105488]: info: :| General Dependencies |
hp-check[105488]: info: :------------------------
hp-check[105488]: info: :
hp-check[105488]: info: : libjpeg              libjpeg - JPEG library                                       REQUIRED        -               -               OK         -
hp-check[105488]: info: : cups-devel           CUPS devel- Common Unix Printing System development files    REQUIRED        1.1             2.4.14          OK         -
hp-check[105488]: info: : cups-image           CUPS image - CUPS image development files                    REQUIRED        1.1             2.4.14          OK         -
hp-check[105488]: info: : libpthread           libpthread - POSIX threads library                           REQUIRED        -               b'2.41'         OK         -
hp-check[105488]: info: : libusb               libusb - USB library                                         REQUIRED        -               1.0             OK         -
hp-check[105488]: info: : sane                 SANE - Scanning library                                      REQUIRED        -               1.4.0           OK         -
hp-check[105488]: info: : sane-devel           SANE - Scanning library development files                    REQUIRED        -               1.4.0           OK         -
hp-check[105488]: info: : libavahi-dev         libavahi-dev                                                 REQUIRED        -               -               OK         -
hp-check[105488]: info: : libnetsnmp-devel     libnetsnmp-devel - SNMP networking library development files REQUIRED        5.0.9           5.9.4           OK         -
hp-check[105488]: info: : libcrypto            libcrypto - OpenSSL cryptographic library                    REQUIRED        -               -               OK         -
hp-check[105488]: info: : python3X             Python 2.2 or greater - Python programming language          REQUIRED        2.2             3.13.9          OK         -
hp-check[105488]: info: : error: python3-notify2 Python libnotify - Python bindings for the libnotify Desktop notifications OPTIONAL        -               -               MISSING    'python3-notify2 needs to be installed'
hp-check[105488]: info: : error: python3-pyqt4-dbus PyQt 4 DBus - DBus Support for PyQt4                         OPTIONAL        4.0             -               MISSING    'python3-pyqt4-dbus needs to be installed'
hp-check[105488]: info: : error: python3-pyqt4 PyQt 4- Qt interface for Python (for Qt version 4.x)         REQUIRED        4.0             -               MISSING    'python3-pyqt4 needs to be installed'
hp-check[105488]: info: : python3-dbus         Python DBus - Python bindings for DBus                       REQUIRED        0.80.0          1.3.2           OK         -
hp-check[105488]: info: : python3-xml          Python XML libraries                                         REQUIRED        -               2.7.2           OK         -
hp-check[105488]: info: : python3-devel        Python devel - Python development files                      REQUIRED        2.2             3.13.9          OK         -
hp-check[105488]: info: : python3-pil          PIL - Python Imaging Library (required for commandline scanning with hp-scan) OPTIONAL        -               11.1.0          OK         -
hp-check[105488]: info: : python3-reportlab    Reportlab - PDF library for Python                           OPTIONAL        2.0             4.4.5           OK         -
hp-check[105488]: info: :
hp-check[105488]: info: :--------------
hp-check[105488]: info: :| COMPILEDEP |
hp-check[105488]: info: :--------------
hp-check[105488]: info: :
hp-check[105488]: info: : libtool              libtool - Library building support services                  REQUIRED        -               2.5.4           OK         -
hp-check[105488]: info: : gcc                  gcc - GNU Project C and C++ Compiler                         REQUIRED        -               15.2.1          OK         -
hp-check[105488]: info: : make                 make - GNU make utility to maintain groups of programs       REQUIRED        3.0             4.4.1           OK         -
hp-check[105488]: info: :
hp-check[105488]: info: :---------------------
hp-check[105488]: info: :| Python Extentions |
hp-check[105488]: info: :---------------------
hp-check[105488]: info: :
hp-check[105488]: info: : cupsext              CUPS-Extension                                               REQUIRED        -               3.25.6          OK         -
hp-check[105488]: info: : hpmudext             IO-Extension                                                 REQUIRED        -               3.25.6          OK         -
hp-check[105488]: info: :
hp-check[105488]: info: :----------------------
hp-check[105488]: info: :| Scan Configuration |
hp-check[105488]: info: :----------------------
hp-check[105488]: info: :
hp-check[105488]: info: : hpaio                HPLIP-SANE-Backend                                           REQUIRED        -               3.25.6          OK         'hpaio found in /etc/sane.d/dll.conf'
hp-check[105488]: info: : scanext              Scan-SANE-Extension                                          REQUIRED        -               3.25.6          OK         -
hp-check[105488]: info: :
hp-check[105488]: info: :------------------------------
hp-check[105488]: info: :| DISCOVERED SCANNER DEVICES |
hp-check[105488]: info: :------------------------------
hp-check[105488]: info: :
hp-check[105488]: info: :device `hpaio:/usb/DeskJet_3630_series?serial=CN97B8H19B06C0' is a Hewlett-Packard DeskJet_3630_series all-in-one
device `airscan:e0:HP DeskJet 3630 series [DD9566] (USB)' is a eSCL HP DeskJet 3630 series [DD9566] (USB) ip=127.0.0.1, ::1

hp-check[105488]: info: :
hp-check[105488]: info: :--------------------------
hp-check[105488]: info: :| DISCOVERED USB DEVICES |
hp-check[105488]: info: :--------------------------
hp-check[105488]: info: :
hp-check[105488]: info: :  Device URI                                         Model                                     
hp-check[105488]: info: :  -------------------------------------------------  ------------------------------------------
hp-check[105488]: info: :  hp:/usb/DeskJet_3630_series?serial=CN97B8H19B06C0  HP DeskJet 3630 series                    
hp-check[105488]: info: :
hp-check[105488]: info: :---------------------------------
hp-check[105488]: info: :| INSTALLED CUPS PRINTER QUEUES |
hp-check[105488]: info: :---------------------------------
hp-check[105488]: info: :
hp-check[105488]: info: :
hp-check[105488]: info: :DeskJet_3630
hp-check[105488]: info: :------------
hp-check[105488]: info: :Type: Printer
hp-check[105488]: info: :Device URI: hp:/usb/DeskJet_3630_series?serial=CN97B8H19B06C0
hp-check[105488]: info: :PPD: /etc/cups/ppd/DeskJet_3630.ppd
warning: Failed to read /etc/cups/ppd/DeskJet_3630.ppd ppd file
hp-check[105488]: info: :PPD Description: 
hp-check[105488]: info: :Printer status: printer DeskJet_3630 is idle.  enabled since Sunday 07 December 2025 11:48:13 AM
error: Device not found
error: Communication status: Failed
hp-check[105488]: info: :
hp-check[105488]: info: :HL-L2320D-series
hp-check[105488]: info: :----------------
hp-check[105488]: info: :Type: Unknown
hp-check[105488]: info: :Device URI: usb://Brother/HL-L2320D%20series?serial=E73793D1N543123
hp-check[105488]: info: :PPD: /etc/cups/ppd/HL-L2320D-series.ppd
warning: Failed to read /etc/cups/ppd/HL-L2320D-series.ppd ppd file
hp-check[105488]: info: :PPD Description: 
hp-check[105488]: info: :Printer status: printer HL-L2320D-series disabled since Sunday 07 December 2025 11:49:22 AM -	Unplugged or turned off
warning: Printer is not HPLIP installed. Printers must use the hp: or hpfax: CUPS backend for HP-Devices.
hp-check[105488]: info: :
hp-check[105488]: info: :
hp-check[105488]: info: :--------------
hp-check[105488]: info: :| PERMISSION |
hp-check[105488]: info: :--------------
hp-check[105488]: info: :
hp-check[105488]: info: :USB             DeskJet_3630                   Required        -        -        OK       Node:'/dev/bus/usb/001/112' Perm:'  root  lp rw- rw- rw- rw- r--'
hp-check[105488]: info: :
hp-check[105488]: info: :-----------
hp-check[105488]: info: :| SUMMARY |
hp-check[105488]: info: :-----------
hp-check[105488]: info: :
hp-check[105488]: info: :Missing Required Dependencies
hp-check[105488]: info: :-----------------------------
hp-check[105488]: info: :None
hp-check[105488]: info: :
hp-check[105488]: info: :Missing Optional Dependencies
hp-check[105488]: info: :-----------------------------
error: 'PKG_FROM_PIP:notify2' package is missing/incompatible 
hp-check[105488]: info: :
hp-check[105488]: info: :Total Errors: 4
hp-check[105488]: info: :Total Warnings: 1
hp-check[105488]: info: :
hp-check[105488]: info: :
hp-check[105488]: info: :Done.
